2026-03-12 19:17:39,854 - root - INFO - ********** Run 1 starts. **********
2026-03-12 19:17:39,854 - root - INFO - configuration is Namespace(batch_size=200, channel_embedding_dim=50, dataset_name='UNvote', device='cuda:0', dropout=0.2, edge_bank_memory_mode='unlimited_memory', eval_negative_sample_strategy='historical', eval_num_neg_edges=20, gamma=0.9, gpu=0, learning_rate=0.0001, load_best_configs=True, max_input_sequence_length=128, max_snapshot_batch_size=2048, model_name='SADyGFormer', negative_sample_strategy='historical', not_load_trc_memory=False, num_epochs=10, num_heads=2, num_layers=2, num_neg_edges=1, num_neighbors=20, num_runs=1, num_walk_heads=8, optimizer='Adam', patch_size=4, patience=5, position_feat_dim=172, ranking_loss_weight=1.0, same_time_mode='snapshot_context', sample_neighbor_strategy='recent', save_model_name='SADyGFormer_seed0', seed=0, snapshot_context_mode='global', snapshot_update_mode='deferred', test_interval_epochs=5, test_ratio=0.15, time_feat_dim=100, time_gap=2000, time_mode='snapshot', time_scaling_factor=1e-06, time_window_mode='fixed_proportion', train_negative_sample_strategy='historical', train_num_neg_edges=1, val_ratio=0.15, walk_length=1, weight_decay=0.0)
2026-03-12 19:17:43,437 - root - INFO - model -> Sequential(
  (0): SADyGFormer(
    (time_encoder): TimeEncoder(
      (w): Linear(in_features=1, out_features=100, bias=True)
    )
    (neighbor_co_occurrence_encoder): NeighborCooccurrenceEncoder(
      (neighbor_co_occurrence_encode_layer): Sequential(
        (0): Linear(in_features=1, out_features=50, bias=True)
        (1): ReLU()
        (2): Linear(in_features=50, out_features=50, bias=True)
      )
    )
    (projection_layer): ModuleDict(
      (node): Linear(in_features=688, out_features=50, bias=True)
      (edge): Linear(in_features=688, out_features=50, bias=True)
      (time): Linear(in_features=400, out_features=50, bias=True)
      (neighbor_co_occurrence): Linear(in_features=200, out_features=50, bias=True)
    )
    (transformers): ModuleList(
      (0): TransformerEncoder(
        (multi_head_attention): MultiheadAttention(
          (out_proj): NonDynamicallyQuantizableLinear(in_features=200, out_features=200, bias=True)
        )
        (dropout): Dropout(p=0.2, inplace=False)
        (linear_layers): ModuleList(
          (0): Linear(in_features=200, out_features=800, bias=True)
          (1): Linear(in_features=800, out_features=200, bias=True)
        )
        (norm_layers): ModuleList(
          (0): LayerNorm((200,), eps=1e-05, elementwise_affine=True)
          (1): LayerNorm((200,), eps=1e-05, elementwise_affine=True)
        )
      )
      (1): TransformerEncoder(
        (multi_head_attention): MultiheadAttention(
          (out_proj): NonDynamicallyQuantizableLinear(in_features=200, out_features=200, bias=True)
        )
        (dropout): Dropout(p=0.2, inplace=False)
        (linear_layers): ModuleList(
          (0): Linear(in_features=200, out_features=800, bias=True)
          (1): Linear(in_features=800, out_features=200, bias=True)
        )
        (norm_layers): ModuleList(
          (0): LayerNorm((200,), eps=1e-05, elementwise_affine=True)
          (1): LayerNorm((200,), eps=1e-05, elementwise_affine=True)
        )
      )
    )
    (output_layer): Linear(in_features=200, out_features=172, bias=True)
  )
  (1): HistoricalDecoder(
    (fc1): Linear(in_features=344, out_features=172, bias=True)
    (fc2): Linear(in_features=344, out_features=1, bias=True)
    (act): ReLU()
    (aggregate_hist_emb): HistEmbAggregatorWeightedSum()
    (historical_interaction_memory): TRCMemory()
    (snapshot_context_encoder): SnapshotGlobalContextEncoder(
      (edge_mlp): Sequential(
        (0): Linear(in_features=688, out_features=172, bias=True)
        (1): ReLU()
        (2): Dropout(p=0.1, inplace=False)
        (3): Linear(in_features=172, out_features=172, bias=True)
      )
    )
    (snapshot_fusion_gate): SnapshotFusionGate(
      (ctx_proj): Linear(in_features=172, out_features=172, bias=True)
      (gate): Linear(in_features=344, out_features=172, bias=True)
    )
  )
)
2026-03-12 19:17:43,438 - root - INFO - model name: SADyGFormer, #parameters: 5594668 B, 5463.54296875 KB, 5.335491180419922 MB.
