2026-03-13 12:47:03,965 - root - INFO - ********** Run 1 starts. **********
2026-03-13 12:47:03,966 - root - INFO - configuration is Namespace(batch_size=64, channel_embedding_dim=50, dataset_name='UNvote', device='cuda:0', dropout=0.2, edge_bank_memory_mode='unlimited_memory', eval_negative_sample_strategy='historical', eval_num_neg_edges=1, gamma=0.9, gpu=0, learning_rate=0.0001, load_best_configs=True, max_input_sequence_length=128, max_snapshot_batch_size=80, model_name='SADyGFormer', negative_sample_strategy='historical', not_load_trc_memory=False, num_epochs=100, num_heads=2, num_layers=2, num_neg_edges=1, num_neighbors=20, num_runs=1, num_walk_heads=8, optimizer='Adam', patch_size=4, patience=20, position_feat_dim=172, ranking_loss_weight=1.0, same_time_mode='snapshot_context', sample_neighbor_strategy='recent', save_model_name='SADyGFormer_seed0', seed=0, snapshot_context_mode='global', snapshot_update_mode='deferred', test_interval_epochs=100, test_ratio=0.15, time_feat_dim=100, time_gap=2000, time_mode='snapshot', time_scaling_factor=1e-06, time_window_mode='fixed_proportion', train_negative_sample_strategy='historical', train_num_neg_edges=1, val_ratio=0.15, walk_length=1, weight_decay=0.0)
2026-03-13 12:47:06,512 - root - INFO - model -> Sequential(
  (0): SADyGFormer(
    (time_encoder): TimeEncoder(
      (w): Linear(in_features=1, out_features=100, bias=True)
    )
    (neighbor_co_occurrence_encoder): NeighborCooccurrenceEncoder(
      (neighbor_co_occurrence_encode_layer): Sequential(
        (0): Linear(in_features=1, out_features=50, bias=True)
        (1): ReLU()
        (2): Linear(in_features=50, out_features=50, bias=True)
      )
    )
    (projection_layer): ModuleDict(
      (node): Linear(in_features=688, out_features=50, bias=True)
      (edge): Linear(in_features=688, out_features=50, bias=True)
      (time): Linear(in_features=400, out_features=50, bias=True)
      (neighbor_co_occurrence): Linear(in_features=200, out_features=50, bias=True)
    )
    (transformers): ModuleList(
      (0): TransformerEncoder(
        (multi_head_attention): MultiheadAttention(
          (out_proj): NonDynamicallyQuantizableLinear(in_features=200, out_features=200, bias=True)
        )
        (dropout): Dropout(p=0.2, inplace=False)
        (linear_layers): ModuleList(
          (0): Linear(in_features=200, out_features=800, bias=True)
          (1): Linear(in_features=800, out_features=200, bias=True)
        )
        (norm_layers): ModuleList(
          (0): LayerNorm((200,), eps=1e-05, elementwise_affine=True)
          (1): LayerNorm((200,), eps=1e-05, elementwise_affine=True)
        )
      )
      (1): TransformerEncoder(
        (multi_head_attention): MultiheadAttention(
          (out_proj): NonDynamicallyQuantizableLinear(in_features=200, out_features=200, bias=True)
        )
        (dropout): Dropout(p=0.2, inplace=False)
        (linear_layers): ModuleList(
          (0): Linear(in_features=200, out_features=800, bias=True)
          (1): Linear(in_features=800, out_features=200, bias=True)
        )
        (norm_layers): ModuleList(
          (0): LayerNorm((200,), eps=1e-05, elementwise_affine=True)
          (1): LayerNorm((200,), eps=1e-05, elementwise_affine=True)
        )
      )
    )
    (output_layer): Linear(in_features=200, out_features=172, bias=True)
  )
  (1): HistoricalDecoder(
    (fc1): Linear(in_features=344, out_features=172, bias=True)
    (fc2): Linear(in_features=344, out_features=1, bias=True)
    (act): ReLU()
    (aggregate_hist_emb): HistEmbAggregatorWeightedSum()
    (historical_interaction_memory): TRCMemory()
    (snapshot_context_encoder): SnapshotGlobalContextEncoder(
      (edge_mlp): Sequential(
        (0): Linear(in_features=688, out_features=172, bias=True)
        (1): ReLU()
        (2): Dropout(p=0.1, inplace=False)
        (3): Linear(in_features=172, out_features=172, bias=True)
      )
    )
    (snapshot_fusion_gate): SnapshotFusionGate(
      (ctx_proj): Linear(in_features=172, out_features=172, bias=True)
      (gate): Linear(in_features=344, out_features=172, bias=True)
    )
  )
)
2026-03-13 12:47:06,513 - root - INFO - model name: SADyGFormer, #parameters: 5594668 B, 5463.54296875 KB, 5.335491180419922 MB.
2026-03-13 12:55:33,880 - root - INFO - Epoch: 1, learning rate: 0.0001, train loss: 1.3740
2026-03-13 12:55:33,881 - root - INFO - train average_precision, 0.5291
2026-03-13 12:55:33,881 - root - INFO - train roc_auc, 0.4798
2026-03-13 12:55:33,881 - root - INFO - validate loss: 0.6897
2026-03-13 12:55:33,881 - root - INFO - validate average_precision, 0.5697
2026-03-13 12:55:33,881 - root - INFO - validate roc_auc, 0.5676
2026-03-13 12:55:33,882 - root - INFO - validate mrr, 0.7847
2026-03-13 12:55:33,882 - root - INFO - save model ./saved_models/SADyGFormer/UNvote/SADyGFormer_seed0/SADyGFormer_seed0.pkl
2026-03-13 13:06:32,656 - root - INFO - Epoch: 2, learning rate: 0.0001, train loss: 1.3439
2026-03-13 13:06:32,657 - root - INFO - train average_precision, 0.6139
2026-03-13 13:06:32,657 - root - INFO - train roc_auc, 0.6022
2026-03-13 13:06:32,657 - root - INFO - validate loss: 0.6860
2026-03-13 13:06:32,657 - root - INFO - validate average_precision, 0.6046
2026-03-13 13:06:32,657 - root - INFO - validate roc_auc, 0.6272
2026-03-13 13:06:32,658 - root - INFO - validate mrr, 0.8152
2026-03-13 13:06:32,658 - root - INFO - save model ./saved_models/SADyGFormer/UNvote/SADyGFormer_seed0/SADyGFormer_seed0.pkl
2026-03-13 13:18:15,102 - root - INFO - Epoch: 3, learning rate: 0.0001, train loss: 1.3045
2026-03-13 13:18:15,104 - root - INFO - train average_precision, 0.6279
2026-03-13 13:18:15,104 - root - INFO - train roc_auc, 0.6269
2026-03-13 13:18:15,104 - root - INFO - validate loss: 0.6728
2026-03-13 13:18:15,105 - root - INFO - validate average_precision, 0.6106
2026-03-13 13:18:15,105 - root - INFO - validate roc_auc, 0.6320
2026-03-13 13:18:15,105 - root - INFO - validate mrr, 0.8167
2026-03-13 13:18:15,105 - root - INFO - save model ./saved_models/SADyGFormer/UNvote/SADyGFormer_seed0/SADyGFormer_seed0.pkl
2026-03-13 13:29:49,145 - root - INFO - Epoch: 4, learning rate: 0.0001, train loss: 1.2721
2026-03-13 13:29:49,145 - root - INFO - train average_precision, 0.6338
2026-03-13 13:29:49,146 - root - INFO - train roc_auc, 0.6272
2026-03-13 13:29:49,146 - root - INFO - validate loss: 0.6697
2026-03-13 13:29:49,146 - root - INFO - validate average_precision, 0.6093
2026-03-13 13:29:49,146 - root - INFO - validate roc_auc, 0.6248
2026-03-13 13:29:49,146 - root - INFO - validate mrr, 0.8116
2026-03-13 13:38:06,242 - root - INFO - Epoch: 5, learning rate: 0.0001, train loss: 1.2643
2026-03-13 13:38:06,243 - root - INFO - train average_precision, 0.6292
2026-03-13 13:38:06,243 - root - INFO - train roc_auc, 0.6195
2026-03-13 13:38:06,243 - root - INFO - validate loss: 0.6659
2026-03-13 13:38:06,243 - root - INFO - validate average_precision, 0.6055
2026-03-13 13:38:06,243 - root - INFO - validate roc_auc, 0.6218
2026-03-13 13:38:06,244 - root - INFO - validate mrr, 0.8106
2026-03-13 13:46:35,753 - root - INFO - Epoch: 6, learning rate: 0.0001, train loss: 1.2506
2026-03-13 13:46:35,754 - root - INFO - train average_precision, 0.6378
2026-03-13 13:46:35,754 - root - INFO - train roc_auc, 0.6290
2026-03-13 13:46:35,754 - root - INFO - validate loss: 0.6647
2026-03-13 13:46:35,755 - root - INFO - validate average_precision, 0.6061
2026-03-13 13:46:35,755 - root - INFO - validate roc_auc, 0.6200
2026-03-13 13:46:35,755 - root - INFO - validate mrr, 0.8094
2026-03-13 13:54:49,956 - root - INFO - Epoch: 7, learning rate: 0.0001, train loss: 1.2386
2026-03-13 13:54:49,956 - root - INFO - train average_precision, 0.6430
2026-03-13 13:54:49,956 - root - INFO - train roc_auc, 0.6337
2026-03-13 13:54:49,956 - root - INFO - validate loss: 0.6626
2026-03-13 13:54:49,957 - root - INFO - validate average_precision, 0.6104
2026-03-13 13:54:49,957 - root - INFO - validate roc_auc, 0.6247
2026-03-13 13:54:49,957 - root - INFO - validate mrr, 0.8128
2026-03-13 14:03:06,452 - root - INFO - Epoch: 8, learning rate: 0.0001, train loss: 1.2294
2026-03-13 14:03:06,452 - root - INFO - train average_precision, 0.6450
2026-03-13 14:03:06,453 - root - INFO - train roc_auc, 0.6375
2026-03-13 14:03:06,453 - root - INFO - validate loss: 0.6621
2026-03-13 14:03:06,453 - root - INFO - validate average_precision, 0.6022
2026-03-13 14:03:06,453 - root - INFO - validate roc_auc, 0.6183
2026-03-13 14:03:06,453 - root - INFO - validate mrr, 0.8093
2026-03-13 14:11:20,688 - root - INFO - Epoch: 9, learning rate: 0.0001, train loss: 1.2248
2026-03-13 14:11:20,689 - root - INFO - train average_precision, 0.6447
2026-03-13 14:11:20,689 - root - INFO - train roc_auc, 0.6369
2026-03-13 14:11:20,689 - root - INFO - validate loss: 0.6629
2026-03-13 14:11:20,689 - root - INFO - validate average_precision, 0.6024
2026-03-13 14:11:20,689 - root - INFO - validate roc_auc, 0.6194
2026-03-13 14:11:20,690 - root - INFO - validate mrr, 0.8104
2026-03-13 14:19:36,757 - root - INFO - Epoch: 10, learning rate: 0.0001, train loss: 1.2226
2026-03-13 14:19:36,758 - root - INFO - train average_precision, 0.6471
2026-03-13 14:19:36,758 - root - INFO - train roc_auc, 0.6403
2026-03-13 14:19:36,758 - root - INFO - validate loss: 0.6648
2026-03-13 14:19:36,758 - root - INFO - validate average_precision, 0.6029
2026-03-13 14:19:36,758 - root - INFO - validate roc_auc, 0.6204
2026-03-13 14:19:36,758 - root - INFO - validate mrr, 0.8110
2026-03-13 14:27:53,546 - root - INFO - Epoch: 11, learning rate: 0.0001, train loss: 1.2235
2026-03-13 14:27:53,747 - root - INFO - train average_precision, 0.6433
2026-03-13 14:27:53,747 - root - INFO - train roc_auc, 0.6378
2026-03-13 14:27:53,747 - root - INFO - validate loss: 0.6684
2026-03-13 14:27:53,748 - root - INFO - validate average_precision, 0.6002
2026-03-13 14:27:53,748 - root - INFO - validate roc_auc, 0.6174
2026-03-13 14:27:53,748 - root - INFO - validate mrr, 0.8105
2026-03-13 14:36:28,471 - root - INFO - Epoch: 12, learning rate: 0.0001, train loss: 1.2218
2026-03-13 14:36:28,472 - root - INFO - train average_precision, 0.6376
2026-03-13 14:36:28,472 - root - INFO - train roc_auc, 0.6318
2026-03-13 14:36:28,472 - root - INFO - validate loss: 0.6724
2026-03-13 14:36:28,472 - root - INFO - validate average_precision, 0.5872
2026-03-13 14:36:28,473 - root - INFO - validate roc_auc, 0.6058
2026-03-13 14:36:28,473 - root - INFO - validate mrr, 0.8047
2026-03-13 14:44:47,334 - root - INFO - Epoch: 13, learning rate: 0.0001, train loss: 1.2202
2026-03-13 14:44:47,335 - root - INFO - train average_precision, 0.6456
2026-03-13 14:44:47,335 - root - INFO - train roc_auc, 0.6400
2026-03-13 14:44:47,335 - root - INFO - validate loss: 0.6704
2026-03-13 14:44:47,335 - root - INFO - validate average_precision, 0.5911
2026-03-13 14:44:47,335 - root - INFO - validate roc_auc, 0.6086
2026-03-13 14:44:47,335 - root - INFO - validate mrr, 0.8063
2026-03-13 14:53:21,788 - root - INFO - Epoch: 14, learning rate: 0.0001, train loss: 1.2189
2026-03-13 14:53:21,788 - root - INFO - train average_precision, 0.6433
2026-03-13 14:53:21,789 - root - INFO - train roc_auc, 0.6412
2026-03-13 14:53:21,789 - root - INFO - validate loss: 0.6660
2026-03-13 14:53:21,789 - root - INFO - validate average_precision, 0.6022
2026-03-13 14:53:21,789 - root - INFO - validate roc_auc, 0.6204
2026-03-13 14:53:21,789 - root - INFO - validate mrr, 0.8109
2026-03-13 15:01:53,055 - root - INFO - Epoch: 15, learning rate: 0.0001, train loss: 1.2292
2026-03-13 15:01:53,056 - root - INFO - train average_precision, 0.6365
2026-03-13 15:01:53,056 - root - INFO - train roc_auc, 0.6343
2026-03-13 15:01:53,056 - root - INFO - validate loss: 0.6726
2026-03-13 15:01:53,056 - root - INFO - validate average_precision, 0.5948
2026-03-13 15:01:53,056 - root - INFO - validate roc_auc, 0.6115
2026-03-13 15:01:53,057 - root - INFO - validate mrr, 0.8080
2026-03-13 15:10:25,383 - root - INFO - Epoch: 16, learning rate: 0.0001, train loss: 1.2049
2026-03-13 15:10:25,384 - root - INFO - train average_precision, 0.6433
2026-03-13 15:10:25,384 - root - INFO - train roc_auc, 0.6418
2026-03-13 15:10:25,384 - root - INFO - validate loss: 0.6743
2026-03-13 15:10:25,384 - root - INFO - validate average_precision, 0.5831
2026-03-13 15:10:25,384 - root - INFO - validate roc_auc, 0.6035
2026-03-13 15:10:25,384 - root - INFO - validate mrr, 0.8050
2026-03-13 15:18:58,502 - root - INFO - Epoch: 17, learning rate: 0.0001, train loss: 1.2423
2026-03-13 15:18:58,503 - root - INFO - train average_precision, 0.6363
2026-03-13 15:18:58,503 - root - INFO - train roc_auc, 0.6352
2026-03-13 15:18:58,504 - root - INFO - validate loss: 0.6735
2026-03-13 15:18:58,504 - root - INFO - validate average_precision, 0.5934
2026-03-13 15:18:58,504 - root - INFO - validate roc_auc, 0.6126
2026-03-13 15:18:58,504 - root - INFO - validate mrr, 0.8071
2026-03-13 15:27:27,261 - root - INFO - Epoch: 18, learning rate: 0.0001, train loss: 1.2083
2026-03-13 15:27:27,262 - root - INFO - train average_precision, 0.6577
2026-03-13 15:27:27,262 - root - INFO - train roc_auc, 0.6534
2026-03-13 15:27:27,262 - root - INFO - validate loss: 0.6716
2026-03-13 15:27:27,262 - root - INFO - validate average_precision, 0.5873
2026-03-13 15:27:27,263 - root - INFO - validate roc_auc, 0.6067
2026-03-13 15:27:27,263 - root - INFO - validate mrr, 0.8043
2026-03-13 15:35:54,665 - root - INFO - Epoch: 19, learning rate: 0.0001, train loss: 1.2127
2026-03-13 15:35:54,666 - root - INFO - train average_precision, 0.6501
2026-03-13 15:35:54,666 - root - INFO - train roc_auc, 0.6494
2026-03-13 15:35:54,666 - root - INFO - validate loss: 0.6774
2026-03-13 15:35:54,666 - root - INFO - validate average_precision, 0.5910
2026-03-13 15:35:54,666 - root - INFO - validate roc_auc, 0.6042
2026-03-13 15:35:54,666 - root - INFO - validate mrr, 0.8031
2026-03-13 15:44:24,374 - root - INFO - Epoch: 20, learning rate: 0.0001, train loss: 1.2442
2026-03-13 15:44:24,375 - root - INFO - train average_precision, 0.6465
2026-03-13 15:44:24,375 - root - INFO - train roc_auc, 0.6473
2026-03-13 15:44:24,375 - root - INFO - validate loss: 0.6741
2026-03-13 15:44:24,375 - root - INFO - validate average_precision, 0.6015
2026-03-13 15:44:24,375 - root - INFO - validate roc_auc, 0.6199
2026-03-13 15:44:24,375 - root - INFO - validate mrr, 0.8124
2026-03-13 15:52:39,342 - root - INFO - Epoch: 21, learning rate: 0.0001, train loss: 1.1943
2026-03-13 15:52:39,343 - root - INFO - train average_precision, 0.6502
2026-03-13 15:52:39,344 - root - INFO - train roc_auc, 0.6543
2026-03-13 15:52:39,344 - root - INFO - validate loss: 0.6622
2026-03-13 15:52:39,344 - root - INFO - validate average_precision, 0.5949
2026-03-13 15:52:39,344 - root - INFO - validate roc_auc, 0.6207
2026-03-13 15:52:39,344 - root - INFO - validate mrr, 0.8108
2026-03-13 16:00:56,250 - root - INFO - Epoch: 22, learning rate: 0.0001, train loss: 1.2059
2026-03-13 16:00:56,251 - root - INFO - train average_precision, 0.6500
2026-03-13 16:00:56,251 - root - INFO - train roc_auc, 0.6528
2026-03-13 16:00:56,251 - root - INFO - validate loss: 0.6654
2026-03-13 16:00:56,251 - root - INFO - validate average_precision, 0.5895
2026-03-13 16:00:56,251 - root - INFO - validate roc_auc, 0.6118
2026-03-13 16:00:56,251 - root - INFO - validate mrr, 0.8061
2026-03-13 16:09:06,972 - root - INFO - Epoch: 23, learning rate: 0.0001, train loss: 1.2050
2026-03-13 16:09:06,973 - root - INFO - train average_precision, 0.6524
2026-03-13 16:09:06,973 - root - INFO - train roc_auc, 0.6564
2026-03-13 16:09:06,973 - root - INFO - validate loss: 0.6612
2026-03-13 16:09:06,973 - root - INFO - validate average_precision, 0.6093
2026-03-13 16:09:06,973 - root - INFO - validate roc_auc, 0.6284
2026-03-13 16:09:06,973 - root - INFO - validate mrr, 0.8154
2026-03-13 16:09:07,434 - root - INFO - load model ./saved_models/SADyGFormer/UNvote/SADyGFormer_seed0/SADyGFormer_seed0.pkl
